0 verbose cli /usr/local/bin/node /usr/local/bin/npm
1 info using npm@11.6.2
2 info using node@v24.11.1
3 silly config load:file:/usr/local/lib/node_modules/npm/npmrc
4 silly config load:file:/Users/Bensam/Desktop/budget-app/.npmrc
5 silly config load:file:/Users/Bensam/.npmrc
6 silly config load:file:/usr/local/etc/npmrc
7 verbose title npm install @react-native-community/datetimepicker
8 verbose argv "install" "@react-native-community/datetimepicker" "--cache" "./.npm_cache" "--legacy-peer-deps"
9 verbose logfile logs-max:10 dir:/Users/Bensam/Desktop/budget-app/.npm_cache/_logs/2026-02-21T08_37_42_270Z-
10 verbose logfile /Users/Bensam/Desktop/budget-app/.npm_cache/_logs/2026-02-21T08_37_42_270Z-debug-0.log
11 silly logfile done cleaning log files
12 silly packumentCache heap:4496293888 maxSize:1124073472 maxEntrySize:562036736
13 silly idealTree buildDeps
14 silly fetch manifest @react-native-community/datetimepicker@8.4.4
15 silly packumentCache full:https://registry.npmjs.org/@react-native-community%2fdatetimepicker cache-miss
16 verbose shrinkwrap failed to load node_modules/.package-lock.json out of date, updated: node_modules/react-native-css-interop
17 http fetch GET 200 https://registry.npmjs.org/npm 1414ms
18 http fetch GET 200 https://registry.npmjs.org/@react-native-community%2fdatetimepicker 842ms (cache miss)
19 silly packumentCache full:https://registry.npmjs.org/@react-native-community%2fdatetimepicker set size:undefined disposed:false
20 silly placeDep ROOT @react-native-community/datetimepicker@8.4.4 OK for: fanga-budget@1.0.0 want: 8.4.4
21 silly reify moves {}
22 silly audit bulk request {
22 silly audit   '@0no-co/graphql.web': [ '1.2.0' ],
22 silly audit   '@alloc/quick-lru': [ '5.2.0' ],
22 silly audit   '@babel/code-frame': [ '7.29.0', '7.10.4' ],
22 silly audit   '@babel/compat-data': [ '7.29.0' ],
22 silly audit   '@babel/core': [ '7.29.0' ],
22 silly audit   '@babel/generator': [ '7.29.1' ],
22 silly audit   '@babel/helper-annotate-as-pure': [ '7.27.3' ],
22 silly audit   '@babel/helper-compilation-targets': [ '7.28.6' ],
22 silly audit   '@babel/helper-create-class-features-plugin': [ '7.28.6' ],
22 silly audit   '@babel/helper-create-regexp-features-plugin': [ '7.28.5' ],
22 silly audit   '@babel/helper-define-polyfill-provider': [ '0.6.6' ],
22 silly audit   '@babel/helper-globals': [ '7.28.0' ],
22 silly audit   '@babel/helper-member-expression-to-functions': [ '7.28.5' ],
22 silly audit   '@babel/helper-module-imports': [ '7.28.6' ],
22 silly audit   '@babel/helper-module-transforms': [ '7.28.6' ],
22 silly audit   '@babel/helper-optimise-call-expression': [ '7.27.1' ],
22 silly audit   '@babel/helper-plugin-utils': [ '7.28.6' ],
22 silly audit   '@babel/helper-remap-async-to-generator': [ '7.27.1' ],
22 silly audit   '@babel/helper-replace-supers': [ '7.28.6' ],
22 silly audit   '@babel/helper-skip-transparent-expression-wrappers': [ '7.27.1' ],
22 silly audit   '@babel/helper-string-parser': [ '7.27.1' ],
22 silly audit   '@babel/helper-validator-identifier': [ '7.28.5' ],
22 silly audit   '@babel/helper-validator-option': [ '7.27.1' ],
22 silly audit   '@babel/helper-wrap-function': [ '7.28.6' ],
22 silly audit   '@babel/helpers': [ '7.28.6' ],
22 silly audit   '@babel/highlight': [ '7.25.9' ],
22 silly audit   'ansi-styles': [ '3.2.1', '4.3.0', '5.2.0' ],
22 silly audit   chalk: [ '2.4.2', '4.1.2' ],
22 silly audit   'color-convert': [ '1.9.3', '2.0.1' ],
22 silly audit   'color-name': [ '1.1.3', '1.1.4' ],
22 silly audit   'escape-string-regexp': [ '1.0.5', '4.0.0', '2.0.0' ],
22 silly audit   'has-flag': [ '3.0.0', '4.0.0' ],
22 silly audit   'supports-color': [ '5.5.0', '8.1.1', '7.2.0' ],
22 silly audit   '@babel/parser': [ '7.29.0' ],
22 silly audit   '@babel/plugin-proposal-decorators': [ '7.29.0' ],
22 silly audit   '@babel/plugin-proposal-export-default-from': [ '7.27.1' ],
22 silly audit   '@babel/plugin-syntax-async-generators': [ '7.8.4' ],
22 silly audit   '@babel/plugin-syntax-bigint': [ '7.8.3' ],
22 silly audit   '@babel/plugin-syntax-class-properties': [ '7.12.13' ],
22 silly audit   '@babel/plugin-syntax-class-static-block': [ '7.14.5' ],
22 silly audit   '@babel/plugin-syntax-decorators': [ '7.28.6' ],
22 silly audit   '@babel/plugin-syntax-dynamic-import': [ '7.8.3' ],
22 silly audit   '@babel/plugin-syntax-export-default-from': [ '7.28.6' ],
22 silly audit   '@babel/plugin-syntax-flow': [ '7.28.6' ],
22 silly audit   '@babel/plugin-syntax-import-attributes': [ '7.28.6' ],
22 silly audit   '@babel/plugin-syntax-import-meta': [ '7.10.4' ],
22 silly audit   '@babel/plugin-syntax-json-strings': [ '7.8.3' ],
22 silly audit   '@babel/plugin-syntax-jsx': [ '7.28.6' ],
22 silly audit   '@babel/plugin-syntax-logical-assignment-operators': [ '7.10.4' ],
22 silly audit   '@babel/plugin-syntax-nullish-coalescing-operator': [ '7.8.3' ],
22 silly audit   '@babel/plugin-syntax-numeric-separator': [ '7.10.4' ],
22 silly audit   '@babel/plugin-syntax-object-rest-spread': [ '7.8.3' ],
22 silly audit   '@babel/plugin-syntax-optional-catch-binding': [ '7.8.3' ],
22 silly audit   '@babel/plugin-syntax-optional-chaining': [ '7.8.3' ],
22 silly audit   '@babel/plugin-syntax-private-property-in-object': [ '7.14.5' ],
22 silly audit   '@babel/plugin-syntax-top-level-await': [ '7.14.5' ],
22 silly audit   '@babel/plugin-syntax-typescript': [ '7.28.6' ],
22 silly audit   '@babel/plugin-transform-arrow-functions': [ '7.27.1' ],
22 silly audit   '@babel/plugin-transform-async-generator-functions': [ '7.29.0' ],
22 silly audit   '@babel/plugin-transform-async-to-generator': [ '7.28.6' ],
22 silly audit   '@babel/plugin-transform-block-scoping': [ '7.28.6' ],
22 silly audit   '@babel/plugin-transform-class-properties': [ '7.28.6' ],
22 silly audit   '@babel/plugin-transform-class-static-block': [ '7.28.6' ],
22 silly audit   '@babel/plugin-transform-classes': [ '7.28.6' ],
22 silly audit   '@babel/plugin-transform-computed-properties': [ '7.28.6' ],
22 silly audit   '@babel/plugin-transform-destructuring': [ '7.28.5' ],
22 silly audit   '@babel/plugin-transform-export-namespace-from': [ '7.27.1' ],
22 silly audit   '@babel/plugin-transform-flow-strip-types': [ '7.27.1' ],
22 silly audit   '@babel/plugin-transform-for-of': [ '7.27.1' ],
22 silly audit   '@babel/plugin-transform-function-name': [ '7.27.1' ],
22 silly audit   '@babel/plugin-transform-literals': [ '7.27.1' ],
22 silly audit   '@babel/plugin-transform-logical-assignment-operators': [ '7.28.6' ],
22 silly audit   '@babel/plugin-transform-modules-commonjs': [ '7.28.6' ],
22 silly audit   '@babel/plugin-transform-named-capturing-groups-regex': [ '7.29.0' ],
22 silly audit   '@babel/plugin-transform-nullish-coalescing-operator': [ '7.28.6' ],
22 silly audit   '@babel/plugin-transform-numeric-separator': [ '7.28.6' ],
22 silly audit   '@babel/plugin-transform-object-rest-spread': [ '7.28.6' ],
22 silly audit   '@babel/plugin-transform-optional-catch-binding': [ '7.28.6' ],
22 silly audit   '@babel/plugin-transform-optional-chaining': [ '7.28.6' ],
22 silly audit   '@babel/plugin-transform-parameters': [ '7.27.7' ],
22 silly audit   '@babel/plugin-transform-private-methods': [ '7.28.6' ],
22 silly audit   '@babel/plugin-transform-private-property-in-object': [ '7.28.6' ],
22 silly audit   '@babel/plugin-transform-react-display-name': [ '7.28.0' ],
22 silly audit   '@babel/plugin-transform-react-jsx': [ '7.28.6' ],
22 silly audit   '@babel/plugin-transform-react-jsx-development': [ '7.27.1' ],
22 silly audit   '@babel/plugin-transform-react-jsx-self': [ '7.27.1' ],
22 silly audit   '@babel/plugin-transform-react-jsx-source': [ '7.27.1' ],
22 silly audit   '@babel/plugin-transform-react-pure-annotations': [ '7.27.1' ],
22 silly audit   '@babel/plugin-transform-regenerator': [ '7.29.0' ],
22 silly audit   '@babel/plugin-transform-runtime': [ '7.29.0' ],
22 silly audit   '@babel/plugin-transform-shorthand-properties': [ '7.27.1' ],
22 silly audit   '@babel/plugin-transform-spread': [ '7.28.6' ],
22 silly audit   '@babel/plugin-transform-sticky-regex': [ '7.27.1' ],
22 silly audit   '@babel/plugin-transform-template-literals': [ '7.27.1' ],
22 silly audit   '@babel/plugin-transform-typescript': [ '7.28.6' ],
22 silly audit   '@babel/plugin-transform-unicode-regex': [ '7.27.1' ],
22 silly audit   '@babel/preset-react': [ '7.28.5' ],
22 silly audit   '@babel/preset-typescript': [ '7.28.5' ],
22 silly audit   '@babel/runtime': [ '7.28.6' ],
22 silly audit   '@babel/template': [ '7.28.6' ],
22 silly audit   '@babel/traverse': [ '7.29.0' ],
22 silly audit   '@babel/types': [ '7.29.0' ],
22 silly audit   '@egjs/hammerjs': [ '2.0.17' ],
22 silly audit   '@emnapi/core': [ '1.8.1' ],
22 silly audit   '@emnapi/runtime': [ '1.8.1' ],
22 silly audit   '@emnapi/wasi-threads': [ '1.1.0' ],
22 silly audit   '@eslint-community/eslint-utils': [ '4.9.1' ],
22 silly audit   'eslint-visitor-keys': [ '3.4.3', '4.2.1' ],
22 silly audit   '@eslint-community/regexpp': [ '4.12.2' ],
22 silly audit   '@eslint/config-array': [ '0.21.1' ],
22 silly audit   '@eslint/config-helpers': [ '0.4.2' ],
22 silly audit   '@eslint/core': [ '0.17.0' ],
22 silly audit   '@eslint/eslintrc': [ '3.3.3' ],
22 silly audit   '@eslint/js': [ '9.39.2' ],
22 silly audit   '@eslint/object-schema': [ '2.1.7' ],
22 silly audit   '@eslint/plugin-kit': [ '0.4.1' ],
22 silly audit   '@expo/code-signing-certificates': [ '0.0.6' ],
22 silly audit   '@expo/config': [ '12.0.13' ],
22 silly audit   '@expo/config-plugins': [ '54.0.4' ],
22 silly audit   semver: [ '7.7.4', '7.6.3', '7.7.2', '6.3.1' ],
22 silly audit   '@expo/config-types': [ '54.0.10' ],
22 silly audit   '@expo/devcert': [ '1.2.1' ],
22 silly audit   debug: [ '3.2.7', '2.6.9', '4.4.3' ],
22 silly audit   '@expo/devtools': [ '0.1.8' ],
22 silly audit   '@expo/env': [ '2.0.8' ],
22 silly audit   '@expo/fingerprint': [ '0.15.4' ],
22 silly audit   'brace-expansion': [ '2.0.2', '1.1.12', '5.0.2' ],
22 silly audit   minimatch: [ '9.0.5', '10.2.0', '3.1.2' ],
22 silly audit   '@expo/image-utils': [ '0.8.8' ],
22 silly audit   '@expo/json-file': [ '10.0.8' ],
22 silly audit   '@expo/metro': [ '54.2.0' ],
22 silly audit   '@expo/metro-config': [ '54.0.14' ],
22 silly audit   postcss: [ '8.4.49', '8.5.6' ],
22 silly audit   '@expo/metro-runtime': [ '6.1.2' ],
22 silly audit   '@expo/ngrok': [ '4.1.3' ],
22 silly audit   '@expo/ngrok-bin': [ '2.3.42' ],
22 silly audit   '@expo/ngrok-bin-darwin-arm64': [ '2.3.41' ],
22 silly audit   '@expo/ngrok-bin-darwin-x64': [ '2.3.41' ],
22 silly audit   '@expo/ngrok-bin-freebsd-ia32': [ '2.3.41' ],
22 silly audit   '@expo/ngrok-bin-freebsd-x64': [ '2.3.41' ],
22 silly audit   '@expo/ngrok-bin-linux-arm': [ '2.3.41' ],
22 silly audit   '@expo/ngrok-bin-linux-arm64': [ '2.3.41' ],
22 silly audit   '@expo/ngrok-bin-linux-ia32': [ '2.3.41' ],
22 silly audit   '@expo/ngrok-bin-linux-x64': [ '2.3.41' ],
22 silly audit   '@expo/ngrok-bin-sunos-x64': [ '2.3.41' ],
22 silly audit   '@expo/ngrok-bin-win32-ia32': [ '2.3.41' ],
22 silly audit   '@expo/ngrok-bin-win32-x64': [ '2.3.41' ],
22 silly audit   yaml: [ '1.10.2', '2.8.2' ],
22 silly audit   '@expo/osascript': [ '2.3.8' ],
22 silly audit   '@expo/package-manager': [ '1.9.10' ],
22 silly audit   '@expo/plist': [ '0.4.8' ],
22 silly audit   '@expo/prebuild-config': [ '54.0.8' ],
22 silly audit   '@expo/schema-utils': [ '0.1.8' ],
22 silly audit   '@expo/sdk-runtime-versions': [ '1.0.0' ],
22 silly audit   '@expo/spawn-async': [ '1.7.2' ],
22 silly audit   '@expo/sudo-prompt': [ '9.3.2' ],
22 silly audit   '@expo/vector-icons': [ '15.0.3' ],
22 silly audit   '@expo/ws-tunnel': [ '1.0.6' ],
22 silly audit   '@expo/xcpretty': [ '4.4.0' ],
22 silly audit   '@firebase/ai': [ '2.8.0' ],
22 silly audit   '@firebase/analytics': [ '0.10.19' ],
22 silly audit   '@firebase/analytics-compat': [ '0.2.25' ],
22 silly audit   '@firebase/analytics-types': [ '0.8.3' ],
22 silly audit   '@firebase/app': [ '0.14.8' ],
22 silly audit   '@firebase/app-check': [ '0.11.0' ],
22 silly audit   '@firebase/app-check-compat': [ '0.4.0' ],
22 silly audit   '@firebase/app-check-interop-types': [ '0.3.3' ],
22 silly audit   '@firebase/app-check-types': [ '0.5.3' ],
22 silly audit   '@firebase/app-compat': [ '0.5.8' ],
22 silly audit   '@firebase/app-types': [ '0.9.3' ],
22 silly audit   '@firebase/auth': [ '1.12.0' ],
22 silly audit   '@firebase/auth-compat': [ '0.6.2' ],
22 silly audit   '@firebase/auth-interop-types': [ '0.2.4' ],
22 silly audit   '@firebase/auth-types': [ '0.13.0' ],
22 silly audit   '@firebase/component': [ '0.7.0' ],
22 silly audit   '@firebase/data-connect': [ '0.3.12' ],
22 silly audit   '@firebase/database': [ '1.1.0' ],
22 silly audit   '@firebase/database-compat': [ '2.1.0' ],
22 silly audit   '@firebase/database-types': [ '1.0.16' ],
22 silly audit   '@firebase/firestore': [ '4.11.0' ],
22 silly audit   '@firebase/firestore-compat': [ '0.4.5' ],
22 silly audit   '@firebase/firestore-types': [ '3.0.3' ],
22 silly audit   '@firebase/functions': [ '0.13.1' ],
22 silly audit   '@firebase/functions-compat': [ '0.4.1' ],
22 silly audit   '@firebase/functions-types': [ '0.6.3' ],
22 silly audit   '@firebase/installations': [ '0.6.19' ],
22 silly audit   '@firebase/installations-compat': [ '0.2.19' ],
22 silly audit   '@firebase/installations-types': [ '0.5.3' ],
22 silly audit   '@firebase/logger': [ '0.5.0' ],
22 silly audit   '@firebase/messaging': [ '0.12.23' ],
22 silly audit   '@firebase/messaging-compat': [ '0.2.23' ],
22 silly audit   '@firebase/messaging-interop-types': [ '0.2.3' ],
22 silly audit   '@firebase/performance': [ '0.7.9' ],
22 silly audit   '@firebase/performance-compat': [ '0.2.22' ],
22 silly audit   '@firebase/performance-types': [ '0.2.3' ],
22 silly audit   '@firebase/remote-config': [ '0.8.0' ],
22 silly audit   '@firebase/remote-config-compat': [ '0.2.21' ],
22 silly audit   '@firebase/remote-config-types': [ '0.5.0' ],
22 silly audit   '@firebase/storage': [ '0.14.0' ],
22 silly audit   '@firebase/storage-compat': [ '0.4.0' ],
22 silly audit   '@firebase/storage-types': [ '0.8.3' ],
22 silly audit   '@firebase/util': [ '1.13.0' ],
22 silly audit   '@firebase/webchannel-wrapper': [ '1.0.5' ],
22 silly audit   '@grpc/grpc-js': [ '1.9.15' ],
22 silly audit   '@grpc/proto-loader': [ '0.7.15' ],
22 silly audit   '@humanfs/core': [ '0.19.1' ],
22 silly audit   '@humanfs/node': [ '0.16.7' ],
22 silly audit   '@humanwhocodes/module-importer': [ '1.0.1' ],
22 silly audit   '@humanwhocodes/retry': [ '0.4.3' ],
22 silly audit   '@isaacs/cliui': [ '9.0.0' ],
22 silly audit   '@isaacs/fs-minipass': [ '4.0.1' ],
22 silly audit   '@isaacs/ttlcache': [ '1.4.1' ],
22 silly audit   '@istanbuljs/load-nyc-config': [ '1.1.0' ],
22 silly audit   argparse: [ '1.0.10', '2.0.1' ],
22 silly audit   camelcase: [ '5.3.1', '6.3.0' ],
22 silly audit   'find-up': [ '4.1.0', '5.0.0' ],
22 silly audit   'js-yaml': [ '3.14.2', '4.1.1' ],
22 silly audit   'locate-path': [ '5.0.0', '6.0.0' ],
22 silly audit   'p-limit': [ '2.3.0', '3.1.0' ],
22 silly audit   'p-locate': [ '4.1.0', '5.0.0' ],
22 silly audit   '@istanbuljs/schema': [ '0.1.3' ],
22 silly audit   '@jest/create-cache-key-function': [ '29.7.0' ],
22 silly audit   '@jest/environment': [ '29.7.0' ],
22 silly audit   '@jest/fake-timers': [ '29.7.0' ],
22 silly audit   '@jest/schemas': [ '29.6.3' ],
22 silly audit   '@jest/transform': [ '29.7.0' ],
22 silly audit   '@jest/types': [ '29.6.3' ],
22 silly audit   '@jridgewell/gen-mapping': [ '0.3.13' ],
22 silly audit   '@jridgewell/remapping': [ '2.3.5' ],
22 silly audit   '@jridgewell/resolve-uri': [ '3.1.2' ],
22 silly audit   '@jridgewell/source-map': [ '0.3.11' ],
22 silly audit   '@jridgewell/sourcemap-codec': [ '1.5.5' ],
22 silly audit   '@jridgewell/trace-mapping': [ '0.3.31' ],
22 silly audit   '@napi-rs/wasm-runtime': [ '0.2.12' ],
22 silly audit   '@nodelib/fs.scandir': [ '2.1.5' ],
22 silly audit   '@nodelib/fs.stat': [ '2.0.5' ],
22 silly audit   '@nodelib/fs.walk': [ '1.2.8' ],
22 silly audit   '@nolyfill/is-core-module': [ '1.0.39' ],
22 silly audit   '@protobufjs/aspromise': [ '1.1.2' ],
22 silly audit   '@protobufjs/base64': [ '1.1.2' ],
22 silly audit   '@protobufjs/codegen': [ '2.0.4' ],
22 silly audit   '@protobufjs/eventemitter': [ '1.1.0' ],
22 silly audit   '@protobufjs/fetch': [ '1.1.0' ],
22 silly audit   '@protobufjs/float': [ '1.0.2' ],
22 silly audit   '@protobufjs/inquire': [ '1.1.0' ],
22 silly audit   '@protobufjs/path': [ '1.1.2' ],
22 silly audit   '@protobufjs/pool': [ '1.1.0' ],
22 silly audit   '@protobufjs/utf8': [ '1.1.0' ],
22 silly audit   '@radix-ui/primitive': [ '1.1.3' ],
22 silly audit   '@radix-ui/react-compose-refs': [ '1.1.2' ],
22 silly audit   '@radix-ui/react-context': [ '1.1.2' ],
22 silly audit   '@radix-ui/react-direction': [ '1.1.1' ],
22 silly audit   '@radix-ui/react-focus-guards': [ '1.1.3' ],
22 silly audit   '@radix-ui/react-id': [ '1.1.1' ],
22 silly audit   '@radix-ui/react-slot': [ '1.2.0', '1.2.3' ],
22 silly audit   '@radix-ui/react-use-callback-ref': [ '1.1.1' ],
22 silly audit   '@radix-ui/react-use-controllable-state': [ '1.2.2' ],
22 silly audit   '@radix-ui/react-use-effect-event': [ '0.0.2' ],
22 silly audit   '@radix-ui/react-use-escape-keydown': [ '1.1.1' ],
22 silly audit   '@radix-ui/react-use-layout-effect': [ '1.1.1' ],
22 silly audit   '@react-native-async-storage/async-storage': [ '2.2.0' ],
22 silly audit   '@react-native-google-signin/google-signin': [ '16.1.1' ],
22 silly audit   '@react-native/assets-registry': [ '0.81.5' ],
22 silly audit   '@react-native/babel-plugin-codegen': [ '0.81.5' ],
22 silly audit   '@react-native/babel-preset': [ '0.81.5' ],
22 silly audit   '@react-native/codegen': [ '0.81.5' ],
22 silly audit   glob: [ '7.2.3', '13.0.3' ],
22 silly audit   '@react-native/community-cli-plugin': [ '0.81.5' ],
22 silly audit   '@react-native/debugger-frontend': [ '0.81.5' ],
22 silly audit   '@react-native/dev-middleware': [ '0.81.5' ],
22 silly audit   ws: [ '6.2.3', '8.19.0', '7.5.10' ],
22 silly audit   '@react-native/gradle-plugin': [ '0.81.5' ],
22 silly audit   '@react-native/js-polyfills': [ '0.81.5' ],
22 silly audit   '@react-native/normalize-colors': [ '0.81.5', '0.74.89' ],
22 silly audit   '@react-navigation/bottom-tabs': [ '7.13.0' ],
22 silly audit   '@react-navigation/core': [ '7.14.0' ],
22 silly audit   '@react-navigation/elements': [ '2.9.5' ],
22 silly audit   '@react-navigation/native': [ '7.1.28' ],
22 silly audit   '@react-navigation/native-stack': [ '7.12.0' ],
22 silly audit   '@react-navigation/routers': [ '7.5.3' ],
22 silly audit   '@rtsao/scc': [ '1.1.0' ],
22 silly audit   '@sinclair/typebox': [ '0.27.10' ],
22 silly audit   '@sindresorhus/is': [ '4.6.0' ],
22 silly audit   '@sinonjs/commons': [ '3.0.1' ],
22 silly audit   '@sinonjs/fake-timers': [ '10.3.0' ],
22 silly audit   '@szmarczak/http-timer': [ '4.0.6' ],
22 silly audit   '@tybys/wasm-util': [ '0.10.1' ],
22 silly audit   '@types/babel__core': [ '7.20.5' ],
22 silly audit   '@types/babel__generator': [ '7.27.0' ],
22 silly audit   '@types/babel__template': [ '7.4.4' ],
22 silly audit   '@types/babel__traverse': [ '7.28.0' ],
22 silly audit   '@types/cacheable-request': [ '6.0.3' ],
22 silly audit   '@types/estree': [ '1.0.8' ],
22 silly audit   '@types/graceful-fs': [ '4.1.9' ],
22 silly audit   '@types/hammerjs': [ '2.0.46' ],
22 silly audit   '@types/http-cache-semantics': [ '4.2.0' ],
22 silly audit   '@types/istanbul-lib-coverage': [ '2.0.6' ],
22 silly audit   '@types/istanbul-lib-report': [ '3.0.3' ],
22 silly audit   '@types/istanbul-reports': [ '3.0.4' ],
22 silly audit   '@types/json-schema': [ '7.0.15' ],
22 silly audit   '@types/json5': [ '0.0.29' ],
22 silly audit   '@types/keyv': [ '3.1.4' ],
22 silly audit   '@types/node': [ '25.2.3' ],
22 silly audit   '@types/react': [ '19.1.17' ],
22 silly audit   '@types/responselike': [ '1.0.3' ],
22 silly audit   '@types/stack-utils': [ '2.0.3' ],
22 silly audit   '@types/yargs': [ '17.0.35' ],
22 silly audit   '@types/yargs-parser': [ '21.0.3' ],
22 silly audit   '@typescript-eslint/eslint-plugin': [ '8.55.0' ],
22 silly audit   ignore: [ '7.0.5', '5.3.2' ],
22 silly audit   '@typescript-eslint/parser': [ '8.55.0' ],
22 silly audit   '@typescript-eslint/project-service': [ '8.55.0' ],
22 silly audit   '@typescript-eslint/scope-manager': [ '8.55.0' ],
22 silly audit   '@typescript-eslint/tsconfig-utils': [ '8.55.0' ],
22 silly audit   '@typescript-eslint/type-utils': [ '8.55.0' ],
22 silly audit   '@typescript-eslint/types': [ '8.55.0' ],
22 silly audit   '@typescript-eslint/typescript-estree': [ '8.55.0' ],
22 silly audit   '@typescript-eslint/utils': [ '8.55.0' ],
22 silly audit   '@typescript-eslint/visitor-keys': [ '8.55.0' ],
22 silly audit   '@ungap/structured-clone': [ '1.3.0' ],
22 silly audit   '@unrs/resolver-binding-android-arm-eabi': [ '1.11.1' ],
22 silly audit   '@unrs/resolver-binding-android-arm64': [ '1.11.1' ],
22 silly audit   '@unrs/resolver-binding-darwin-arm64': [ '1.11.1' ],
22 silly audit   '@unrs/resolver-binding-darwin-x64': [ '1.11.1' ],
22 silly audit   '@unrs/resolver-binding-freebsd-x64': [ '1.11.1' ],
22 silly audit   '@unrs/resolver-binding-linux-arm-gnueabihf': [ '1.11.1' ],
22 silly audit   '@unrs/resolver-binding-linux-arm-musleabihf': [ '1.11.1' ],
22 silly audit   '@unrs/resolver-binding-linux-arm64-gnu': [ '1.11.1' ],
22 silly audit   '@unrs/resolver-binding-linux-arm64-musl': [ '1.11.1' ],
22 silly audit   '@unrs/resolver-binding-linux-ppc64-gnu': [ '1.11.1' ],
22 silly audit   '@unrs/resolver-binding-linux-riscv64-gnu': [ '1.11.1' ],
22 silly audit   '@unrs/resolver-binding-linux-riscv64-musl': [ '1.11.1' ],
22 silly audit   '@unrs/resolver-binding-linux-s390x-gnu': [ '1.11.1' ],
22 silly audit   '@unrs/resolver-binding-linux-x64-gnu': [ '1.11.1' ],
22 silly audit   '@unrs/resolver-binding-linux-x64-musl': [ '1.11.1' ],
22 silly audit   '@unrs/resolver-binding-wasm32-wasi': [ '1.11.1' ],
22 silly audit   '@unrs/resolver-binding-win32-arm64-msvc': [ '1.11.1' ],
22 silly audit   '@unrs/resolver-binding-win32-ia32-msvc': [ '1.11.1' ],
22 silly audit   '@unrs/resolver-binding-win32-x64-msvc': [ '1.11.1' ],
22 silly audit   '@urql/core': [ '5.2.0' ],
22 silly audit   '@urql/exchange-retry': [ '1.3.2' ],
22 silly audit   '@xmldom/xmldom': [ '0.8.11' ],
22 silly audit   'abort-controller': [ '3.0.0' ],
22 silly audit   accepts: [ '1.3.8' ],
22 silly audit   acorn: [ '8.15.0' ],
22 silly audit   'acorn-jsx': [ '5.3.2' ],
22 silly audit   'agent-base': [ '7.1.4' ],
22 silly audit   ajv: [ '6.12.6', '8.17.1' ],
22 silly audit   anser: [ '1.4.10' ],
22 silly audit   'ansi-escapes': [ '4.3.2' ],
22 silly audit   'type-fest': [ '0.21.3', '0.7.1' ],
22 silly audit   'ansi-regex': [ '5.0.1', '4.1.1' ],
22 silly audit   'any-promise': [ '1.3.0' ],
22 silly audit   anymatch: [ '3.1.3' ],
22 silly audit   arg: [ '5.0.2' ],
22 silly audit   'aria-hidden': [ '1.2.6' ],
22 silly audit   'array-buffer-byte-length': [ '1.0.2' ],
22 silly audit   'array-includes': [ '3.1.9' ],
22 silly audit   'array-timsort': [ '1.0.3' ],
22 silly audit   'array.prototype.findlast': [ '1.2.5' ],
22 silly audit   'array.prototype.findlastindex': [ '1.2.6' ],
22 silly audit   'array.prototype.flat': [ '1.3.3' ],
22 silly audit   'array.prototype.flatmap': [ '1.3.3' ],
22 silly audit   'array.prototype.tosorted': [ '1.1.4' ],
22 silly audit   'arraybuffer.prototype.slice': [ '1.0.4' ],
22 silly audit   asap: [ '2.0.6' ],
22 silly audit   'async-function': [ '1.0.0' ],
22 silly audit   'async-limiter': [ '1.0.1' ],
22 silly audit   autoprefixer: [ '10.4.24' ],
22 silly audit   'available-typed-arrays': [ '1.0.7' ],
22 silly audit   'await-lock': [ '2.2.2' ],
22 silly audit   'babel-jest': [ '29.7.0' ],
22 silly audit   'babel-plugin-istanbul': [ '6.1.1' ],
22 silly audit   'babel-plugin-jest-hoist': [ '29.6.3' ],
22 silly audit   'babel-plugin-polyfill-corejs2': [ '0.4.15' ],
22 silly audit   'babel-plugin-polyfill-corejs3': [ '0.13.0' ],
22 silly audit   'babel-plugin-polyfill-regenerator': [ '0.6.6' ],
22 silly audit   'babel-plugin-react-compiler': [ '1.0.0' ],
22 silly audit   'babel-plugin-react-native-web': [ '0.21.2' ],
22 silly audit   'babel-plugin-syntax-hermes-parser': [ '0.29.1' ],
22 silly audit   'babel-plugin-transform-flow-enums': [ '0.0.2' ],
22 silly audit   'babel-preset-current-node-syntax': [ '1.2.0' ],
22 silly audit   'babel-preset-expo': [ '54.0.10' ],
22 silly audit   'babel-preset-jest': [ '29.6.3' ],
22 silly audit   'balanced-match': [ '1.0.2', '4.0.2' ],
22 silly audit   'base64-js': [ '1.5.1' ],
22 silly audit   'baseline-browser-mapping': [ '2.9.19' ],
22 silly audit   'better-opn': [ '3.0.2' ],
22 silly audit   open: [ '8.4.2', '7.4.2' ],
22 silly audit   'big-integer': [ '1.6.52' ],
22 silly audit   'binary-extensions': [ '2.3.0' ],
22 silly audit   boolbase: [ '1.0.0' ],
22 silly audit   'bplist-creator': [ '0.1.0' ],
22 silly audit   'bplist-parser': [ '0.3.1' ],
22 silly audit   braces: [ '3.0.3' ],
22 silly audit   browserslist: [ '4.28.1' ],
22 silly audit   bser: [ '2.1.1' ],
22 silly audit   buffer: [ '5.7.1' ],
22 silly audit   'buffer-from': [ '1.1.2' ],
22 silly audit   bytes: [ '3.1.2' ],
22 silly audit   'cacheable-lookup': [ '5.0.4' ],
22 silly audit   'cacheable-request': [ '7.0.4' ],
22 silly audit   'call-bind': [ '1.0.8' ],
22 silly audit   'call-bind-apply-helpers': [ '1.0.2' ],
22 silly audit   'call-bound': [ '1.0.4' ],
22 silly audit   callsites: [ '3.1.0' ],
22 silly audit   'camelcase-css': [ '2.0.1' ],
22 silly audit   'caniuse-lite': [ '1.0.30001769' ],
22 silly audit   chokidar: [ '3.6.0' ],
22 silly audit   'glob-parent': [ '5.1.2', '6.0.2' ],
22 silly audit   chownr: [ '3.0.0' ],
22 silly audit   'chrome-launcher': [ '0.15.2' ],
22 silly audit   'chromium-edge-launcher': [ '0.2.0' ],
22 silly audit   'ci-info': [ '2.0.0', '3.9.0' ],
22 silly audit   'cli-cursor': [ '2.1.0' ],
22 silly audit   'cli-spinners': [ '2.9.2' ],
22 silly audit   'client-only': [ '0.0.1' ],
22 silly audit   cliui: [ '8.0.1' ],
22 silly audit   clone: [ '1.0.4' ],
22 silly audit   'clone-response': [ '1.0.3' ],
22 silly audit   color: [ '4.2.3' ],
22 silly audit   'color-string': [ '1.9.1' ],
22 silly audit   commander: [ '7.2.0', '12.1.0', '4.1.1', '2.20.3' ],
22 silly audit   'comment-json': [ '4.5.1' ],
22 silly audit   compressible: [ '2.0.18' ],
22 silly audit   compression: [ '1.8.1' ],
22 silly audit   ms: [ '2.0.0', '2.1.3' ],
22 silly audit   negotiator: [ '0.6.4', '0.6.3' ],
22 silly audit   'concat-map': [ '0.0.1' ],
22 silly audit   connect: [ '3.7.0' ],
22 silly audit   'convert-source-map': [ '2.0.0' ],
22 silly audit   'core-js-compat': [ '3.48.0' ],
22 silly audit   'core-util-is': [ '1.0.3' ],
22 silly audit   'cross-fetch': [ '3.2.0' ],
22 silly audit   'cross-spawn': [ '7.0.6' ],
22 silly audit   'crypto-random-string': [ '2.0.0' ],
22 silly audit   'css-in-js-utils': [ '3.1.0' ],
22 silly audit   'css-select': [ '5.2.2' ],
22 silly audit   'css-tree': [ '1.1.3' ],
22 silly audit   'source-map': [ '0.6.1', '0.5.7' ],
22 silly audit   'css-what': [ '6.2.2' ],
22 silly audit   cssesc: [ '3.0.0' ],
22 silly audit   csstype: [ '3.2.3' ],
22 silly audit   'data-view-buffer': [ '1.0.2' ],
22 silly audit   'data-view-byte-length': [ '1.0.2' ],
22 silly audit   'data-view-byte-offset': [ '1.0.1' ],
22 silly audit   'decode-uri-component': [ '0.2.2' ],
22 silly audit   'decompress-response': [ '6.0.0' ],
22 silly audit   'mimic-response': [ '3.1.0', '1.0.1' ],
22 silly audit   'deep-extend': [ '0.6.0' ],
22 silly audit   'deep-is': [ '0.1.4' ],
22 silly audit   deepmerge: [ '4.3.1' ],
22 silly audit   defaults: [ '1.0.4' ],
22 silly audit   'defer-to-connect': [ '2.0.1' ],
22 silly audit   'define-data-property': [ '1.1.4' ],
22 silly audit   'define-lazy-prop': [ '2.0.0' ],
22 silly audit   'define-properties': [ '1.2.1' ],
22 silly audit   depd: [ '2.0.0' ],
22 silly audit   destroy: [ '1.2.0' ],
22 silly audit   'detect-libc': [ '2.1.2', '1.0.3' ],
22 silly audit   'detect-node-es': [ '1.1.0' ],
22 silly audit   didyoumean: [ '1.2.2' ],
22 silly audit   dlv: [ '1.1.3' ],
22 silly audit   doctrine: [ '2.1.0' ],
22 silly audit   'dom-serializer': [ '2.0.0' ],
22 silly audit   domelementtype: [ '2.3.0' ],
22 silly audit   domhandler: [ '5.0.3' ],
22 silly audit   domutils: [ '3.2.2' ],
22 silly audit   dotenv: [ '16.4.7' ],
22 silly audit   'dotenv-expand': [ '11.0.7' ],
22 silly audit   'dunder-proto': [ '1.0.1' ],
22 silly audit   'ee-first': [ '1.1.1' ],
22 silly audit   'electron-to-chromium': [ '1.5.286' ],
22 silly audit   'emoji-regex': [ '8.0.0' ],
22 silly audit   encodeurl: [ '1.0.2', '2.0.0' ],
22 silly audit   'end-of-stream': [ '1.4.5' ],
22 silly audit   entities: [ '4.5.0' ],
22 silly audit   'env-editor': [ '0.4.2' ],
22 silly audit   'error-stack-parser': [ '2.1.4' ],
22 silly audit   'es-abstract': [ '1.24.1' ],
22 silly audit   'es-define-property': [ '1.0.1' ],
22 silly audit   'es-errors': [ '1.3.0' ],
22 silly audit   'es-iterator-helpers': [ '1.2.2' ],
22 silly audit   'es-object-atoms': [ '1.1.1' ],
22 silly audit   'es-set-tostringtag': [ '2.1.0' ],
22 silly audit   'es-shim-unscopables': [ '1.1.0' ],
22 silly audit   'es-to-primitive': [ '1.3.0' ],
22 silly audit   escalade: [ '3.2.0' ],
22 silly audit   'escape-html': [ '1.0.3' ],
22 silly audit   eslint: [ '9.39.2' ],
22 silly audit   'eslint-config-expo': [ '10.0.0' ],
22 silly audit   globals: [ '16.5.0', '14.0.0' ],
22 silly audit   'eslint-import-resolver-node': [ '0.3.9' ],
22 silly audit   'eslint-import-resolver-typescript': [ '3.10.1' ],
22 silly audit   'eslint-module-utils': [ '2.12.1' ],
22 silly audit   'eslint-plugin-expo': [ '1.0.0' ],
22 silly audit   'eslint-plugin-import': [ '2.32.0' ],
22 silly audit   'eslint-plugin-react': [ '7.37.5' ],
22 silly audit   'eslint-plugin-react-hooks': [ '5.2.0' ],
22 silly audit   resolve: [ '2.0.0-next.5', '1.7.1', '1.22.11' ],
22 silly audit   'eslint-scope': [ '8.4.0' ],
22 silly audit   espree: [ '10.4.0' ],
22 silly audit   esprima: [ '4.0.1' ],
22 silly audit   esquery: [ '1.7.0' ],
22 silly audit   esrecurse: [ '4.3.0' ],
22 silly audit   estraverse: [ '5.3.0' ],
22 silly audit   esutils: [ '2.0.3' ],
22 silly audit   etag: [ '1.8.1' ],
22 silly audit   'event-target-shim': [ '5.0.1' ],
22 silly audit   'exec-async': [ '2.2.0' ],
22 silly audit   expo: [ '54.0.33' ],
22 silly audit   'expo-asset': [ '12.0.12' ],
22 silly audit   'expo-blur': [ '15.0.8' ],
22 silly audit   'expo-build-properties': [ '1.0.10' ],
22 silly audit   'json-schema-traverse': [ '1.0.0', '0.4.1' ],
22 silly audit   'expo-constants': [ '18.0.13' ],
22 silly audit   'expo-dev-client': [ '6.0.20' ],
22 silly audit   'expo-dev-launcher': [ '6.0.20' ],
22 silly audit   'expo-dev-menu': [ '7.0.18' ],
22 silly audit   'expo-dev-menu-interface': [ '2.0.0' ],
22 silly audit   'expo-file-system': [ '19.0.21' ],
22 silly audit   'expo-font': [ '14.0.11' ],
22 silly audit   'expo-haptics': [ '15.0.8' ],
22 silly audit   'expo-image': [ '3.0.11' ],
22 silly audit   'expo-image-loader': [ '6.0.0' ],
22 silly audit   'expo-image-picker': [ '17.0.10' ],
22 silly audit   'expo-json-utils': [ '0.15.0' ],
22 silly audit   'expo-keep-awake': [ '15.0.8' ],
22 silly audit   'expo-linear-gradient': [ '15.0.8' ],
22 silly audit   'expo-linking': [ '8.0.11' ],
22 silly audit   'expo-manifests': [ '1.0.10' ],
22 silly audit   'expo-modules-autolinking': [ '3.0.24' ],
22 silly audit   'expo-modules-core': [ '3.0.29' ],
22 silly audit   'expo-router': [ '6.0.23' ],
22 silly audit   '@radix-ui/react-collection': [ '1.1.7' ],
22 silly audit   '@radix-ui/react-presence': [ '1.1.5' ],
22 silly audit   '@radix-ui/react-primitive': [ '2.1.3' ],
22 silly audit   '@radix-ui/react-roving-focus': [ '1.1.11' ],
22 silly audit   '@radix-ui/react-tabs': [ '1.1.13' ],
22 silly audit   'expo-server': [ '1.0.5' ],
22 silly audit   'expo-splash-screen': [ '31.0.13' ],
22 silly audit   'expo-sqlite': [ '16.0.10' ],
22 silly audit   'expo-status-bar': [ '3.0.9' ],
22 silly audit   'expo-symbols': [ '1.0.8' ],
22 silly audit   'expo-system-ui': [ '6.0.9' ],
22 silly audit   'expo-updates-interface': [ '2.0.0' ],
22 silly audit   'expo-web-browser': [ '15.0.10' ],
22 silly audit   '@expo/cli': [ '54.0.23' ],
22 silly audit   picomatch: [ '3.0.1', '2.3.1', '4.0.3' ],
22 silly audit   'exponential-backoff': [ '3.1.3' ],
22 silly audit   'fast-deep-equal': [ '3.1.3' ],
22 silly audit   'fast-glob': [ '3.3.3' ],
22 silly audit   'fast-json-stable-stringify': [ '2.1.0' ],
22 silly audit   'fast-levenshtein': [ '2.0.6' ],
22 silly audit   'fast-uri': [ '3.1.0' ],
22 silly audit   fastq: [ '1.20.1' ],
22 silly audit   'faye-websocket': [ '0.11.4' ],
22 silly audit   'fb-watchman': [ '2.0.2' ],
22 silly audit   fbjs: [ '3.0.5' ],
22 silly audit   'fbjs-css-vars': [ '1.0.2' ],
22 silly audit   promise: [ '7.3.1', '8.3.0' ],
22 silly audit   'file-entry-cache': [ '8.0.0' ],
22 silly audit   'fill-range': [ '7.1.1' ],
22 silly audit   'filter-obj': [ '1.1.0' ],
22 silly audit   finalhandler: [ '1.1.2' ],
22 silly audit   firebase: [ '12.9.0' ],
22 silly audit   'flat-cache': [ '4.0.1' ],
22 silly audit   flatted: [ '3.3.3' ],
22 silly audit   'flow-enums-runtime': [ '0.0.6' ],
22 silly audit   fontfaceobserver: [ '2.3.0' ],
22 silly audit   'for-each': [ '0.3.5' ],
22 silly audit   'fraction.js': [ '5.3.4' ],
22 silly audit   'freeport-async': [ '2.0.0' ],
22 silly audit   fresh: [ '0.5.2' ],
22 silly audit   'fs.realpath': [ '1.0.0' ],
22 silly audit   fsevents: [ '2.3.3' ],
22 silly audit   'function-bind': [ '1.1.2' ],
22 silly audit   'function.prototype.name': [ '1.1.8' ],
22 silly audit   'functions-have-names': [ '1.2.3' ],
22 silly audit   'generator-function': [ '2.0.1' ],
22 silly audit   gensync: [ '1.0.0-beta.2' ],
22 silly audit   'get-caller-file': [ '2.0.5' ],
22 silly audit   'get-intrinsic': [ '1.3.0' ],
22 silly audit   'get-nonce': [ '1.0.1' ],
22 silly audit   'get-package-type': [ '0.1.0' ],
22 silly audit   'get-proto': [ '1.0.1' ],
22 silly audit   'get-stream': [ '5.2.0' ],
22 silly audit   'get-symbol-description': [ '1.1.0' ],
22 silly audit   'get-tsconfig': [ '4.13.6' ],
22 silly audit   getenv: [ '2.0.0' ],
22 silly audit   'gifted-charts-core': [ '0.1.78' ],
22 silly audit   'global-dirs': [ '0.1.1' ],
22 silly audit   globalthis: [ '1.0.4' ],
22 silly audit   gopd: [ '1.2.0' ],
22 silly audit   got: [ '11.8.6' ],
22 silly audit   'graceful-fs': [ '4.2.11' ],
22 silly audit   'has-bigints': [ '1.1.0' ],
22 silly audit   'has-property-descriptors': [ '1.0.2' ],
22 silly audit   'has-proto': [ '1.2.0' ],
22 silly audit   'has-symbols': [ '1.1.0' ],
22 silly audit   'has-tostringtag': [ '1.0.2' ],
22 silly audit   hasown: [ '2.0.2' ],
22 silly audit   'hermes-estree': [ '0.29.1', '0.32.0' ],
22 silly audit   'hermes-parser': [ '0.29.1', '0.32.0' ],
22 silly audit   'hoist-non-react-statics': [ '3.3.2' ],
22 silly audit   'react-is': [ '16.13.1', '18.3.1', '19.2.4' ],
22 silly audit   'hosted-git-info': [ '7.0.2' ],
22 silly audit   'lru-cache': [ '10.4.3', '5.1.1', '11.2.6' ],
22 silly audit   'http-cache-semantics': [ '4.2.0' ],
22 silly audit   'http-errors': [ '2.0.1' ],
22 silly audit   statuses: [ '2.0.2', '1.5.0' ],
22 silly audit   'http-parser-js': [ '0.5.10' ],
22 silly audit   'http2-wrapper': [ '1.0.3' ],
22 silly audit   'https-proxy-agent': [ '7.0.6' ],
22 silly audit   'hyphenate-style-name': [ '1.1.0' ],
22 silly audit   idb: [ '7.1.1' ],
22 silly audit   ieee754: [ '1.2.1' ],
22 silly audit   'image-size': [ '1.2.1' ],
22 silly audit   'import-fresh': [ '3.3.1' ],
22 silly audit   'resolve-from': [ '4.0.0', '5.0.0' ],
22 silly audit   imurmurhash: [ '0.1.4' ],
22 silly audit   inflight: [ '1.0.6' ],
22 silly audit   inherits: [ '2.0.4' ],
22 silly audit   ini: [ '1.3.8' ],
22 silly audit   'inline-style-prefixer': [ '7.0.1' ],
22 silly audit   'internal-slot': [ '1.1.0' ],
22 silly audit   invariant: [ '2.2.4' ],
22 silly audit   'is-array-buffer': [ '3.0.5' ],
22 silly audit   'is-arrayish': [ '0.3.4' ],
22 silly audit   'is-async-function': [ '2.1.1' ],
22 silly audit   'is-bigint': [ '1.1.0' ],
22 silly audit   'is-binary-path': [ '2.1.0' ],
22 silly audit   'is-boolean-object': [ '1.2.2' ],
22 silly audit   'is-bun-module': [ '2.0.0' ],
22 silly audit   'is-callable': [ '1.2.7' ],
22 silly audit   'is-core-module': [ '2.16.1' ],
22 silly audit   'is-data-view': [ '1.0.2' ],
22 silly audit   'is-date-object': [ '1.1.0' ],
22 silly audit   'is-docker': [ '2.2.1' ],
22 silly audit   'is-extglob': [ '2.1.1' ],
22 silly audit   'is-finalizationregistry': [ '1.1.1' ],
22 silly audit   'is-fullwidth-code-point': [ '3.0.0' ],
22 silly audit   'is-generator-function': [ '1.1.2' ],
22 silly audit   'is-glob': [ '4.0.3' ],
22 silly audit   'is-map': [ '2.0.3' ],
22 silly audit   'is-negative-zero': [ '2.0.3' ],
22 silly audit   'is-number': [ '7.0.0' ],
22 silly audit   'is-number-object': [ '1.1.1' ],
22 silly audit   'is-plain-obj': [ '2.1.0' ],
22 silly audit   'is-regex': [ '1.2.1' ],
22 silly audit   'is-set': [ '2.0.3' ],
22 silly audit   'is-shared-array-buffer': [ '1.0.4' ],
22 silly audit   'is-string': [ '1.1.1' ],
22 silly audit   'is-symbol': [ '1.1.1' ],
22 silly audit   'is-typed-array': [ '1.1.15' ],
22 silly audit   'is-weakmap': [ '2.0.2' ],
22 silly audit   'is-weakref': [ '1.1.1' ],
22 silly audit   'is-weakset': [ '2.0.4' ],
22 silly audit   'is-wsl': [ '2.2.0' ],
22 silly audit   isarray: [ '2.0.5' ],
22 silly audit   isexe: [ '2.0.0' ],
22 silly audit   'istanbul-lib-coverage': [ '3.2.2' ],
22 silly audit   'istanbul-lib-instrument': [ '5.2.1' ],
22 silly audit   'iterator.prototype': [ '1.1.5' ],
22 silly audit   jackspeak: [ '4.2.3' ],
22 silly audit   'jest-environment-node': [ '29.7.0' ],
22 silly audit   'jest-get-type': [ '29.6.3' ],
22 silly audit   'jest-haste-map': [ '29.7.0' ],
22 silly audit   'jest-message-util': [ '29.7.0' ],
22 silly audit   'jest-mock': [ '29.7.0' ],
22 silly audit   'jest-regex-util': [ '29.6.3' ],
22 silly audit   'jest-util': [ '29.7.0' ],
22 silly audit   'jest-validate': [ '29.7.0' ],
22 silly audit   'jest-worker': [ '29.7.0' ],
22 silly audit   'jimp-compact': [ '0.16.1' ],
22 silly audit   jiti: [ '1.21.7' ],
22 silly audit   'js-tokens': [ '4.0.0' ],
22 silly audit   'jsc-safe-url': [ '0.2.4' ],
22 silly audit   jsesc: [ '3.1.0' ],
22 silly audit   'json-buffer': [ '3.0.1' ],
22 silly audit   'json-stable-stringify-without-jsonify': [ '1.0.1' ],
22 silly audit   json5: [ '2.2.3', '1.0.2' ],
22 silly audit   'jsx-ast-utils': [ '3.3.5' ],
22 silly audit   keyv: [ '4.5.4' ],
22 silly audit   kleur: [ '3.0.3' ],
22 silly audit   'lan-network': [ '0.1.7' ],
22 silly audit   leven: [ '3.1.0' ],
22 silly audit   levn: [ '0.4.1' ],
22 silly audit   'lighthouse-logger': [ '1.4.2' ],
22 silly audit   lightningcss: [ '1.31.1', '1.27.0' ],
22 silly audit   'lightningcss-android-arm64': [ '1.31.1' ],
22 silly audit   'lightningcss-darwin-arm64': [ '1.31.1', '1.27.0' ],
22 silly audit   'lightningcss-darwin-x64': [ '1.31.1', '1.27.0' ],
22 silly audit   'lightningcss-freebsd-x64': [ '1.31.1', '1.27.0' ],
22 silly audit   'lightningcss-linux-arm-gnueabihf': [ '1.31.1', '1.27.0' ],
22 silly audit   'lightningcss-linux-arm64-gnu': [ '1.31.1', '1.27.0' ],
22 silly audit   'lightningcss-linux-arm64-musl': [ '1.31.1', '1.27.0' ],
22 silly audit   'lightningcss-linux-x64-gnu': [ '1.31.1', '1.27.0' ],
22 silly audit   'lightningcss-linux-x64-musl': [ '1.31.1', '1.27.0' ],
22 silly audit   'lightningcss-win32-arm64-msvc': [ '1.31.1', '1.27.0' ],
22 silly audit   'lightningcss-win32-x64-msvc': [ '1.31.1', '1.27.0' ],
22 silly audit   lilconfig: [ '3.1.3' ],
22 silly audit   'lines-and-columns': [ '1.2.4' ],
22 silly audit   'lodash.camelcase': [ '4.3.0' ],
22 silly audit   'lodash.debounce': [ '4.0.8' ],
22 silly audit   'lodash.merge': [ '4.6.2' ],
22 silly audit   'lodash.throttle': [ '4.1.1' ],
22 silly audit   'log-symbols': [ '2.2.0' ],
22 silly audit   long: [ '5.3.2' ],
22 silly audit   'loose-envify': [ '1.4.0' ],
22 silly audit   'lowercase-keys': [ '2.0.0' ],
22 silly audit   makeerror: [ '1.0.12' ],
22 silly audit   marky: [ '1.3.0' ],
22 silly audit   'math-intrinsics': [ '1.1.0' ],
22 silly audit   'mdn-data': [ '2.0.14' ],
22 silly audit   'memoize-one': [ '5.2.1', '6.0.0' ],
22 silly audit   'merge-options': [ '3.0.4' ],
22 silly audit   'merge-stream': [ '2.0.0' ],
22 silly audit   merge2: [ '1.4.1' ],
22 silly audit   metro: [ '0.83.3' ],
22 silly audit   'metro-babel-transformer': [ '0.83.3' ],
22 silly audit   'metro-cache': [ '0.83.3' ],
22 silly audit   'metro-cache-key': [ '0.83.3' ],
22 silly audit   'metro-config': [ '0.83.3' ],
22 silly audit   'metro-core': [ '0.83.3' ],
22 silly audit   'metro-file-map': [ '0.83.3' ],
22 silly audit   'metro-minify-terser': [ '0.83.3' ],
22 silly audit   'metro-resolver': [ '0.83.3' ],
22 silly audit   'metro-runtime': [ '0.83.3' ],
22 silly audit   'metro-source-map': [ '0.83.3' ],
22 silly audit   'metro-symbolicate': [ '0.83.3' ],
22 silly audit   'metro-transform-plugins': [ '0.83.3' ],
22 silly audit   'metro-transform-worker': [ '0.83.3' ],
22 silly audit   micromatch: [ '4.0.8' ],
22 silly audit   mime: [ '1.6.0' ],
22 silly audit   'mime-db': [ '1.52.0' ],
22 silly audit   'mime-types': [ '2.1.35' ],
22 silly audit   'mimic-fn': [ '1.2.0' ],
22 silly audit   minimist: [ '1.2.8' ],
22 silly audit   minipass: [ '7.1.2' ],
22 silly audit   minizlib: [ '3.1.0' ],
22 silly audit   mkdirp: [ '1.0.4' ],
22 silly audit   mz: [ '2.7.0' ],
22 silly audit   nanoid: [ '3.3.11' ],
22 silly audit   'napi-postinstall': [ '0.3.4' ],
22 silly audit   nativewind: [ '4.2.1' ],
22 silly audit   'natural-compare': [ '1.4.0' ],
22 silly audit   'nested-error-stacks': [ '2.0.1' ],
22 silly audit   'node-fetch': [ '2.7.0' ],
22 silly audit   'node-forge': [ '1.3.3' ],
22 silly audit   'node-int64': [ '0.4.0' ],
22 silly audit   'node-releases': [ '2.0.27' ],
22 silly audit   'normalize-path': [ '3.0.0' ],
22 silly audit   'normalize-url': [ '6.1.0' ],
22 silly audit   'npm-package-arg': [ '11.0.3' ],
22 silly audit   'nth-check': [ '2.1.1' ],
22 silly audit   nullthrows: [ '1.1.1' ],
22 silly audit   ob1: [ '0.83.3' ],
22 silly audit   'object-assign': [ '4.1.1' ],
22 silly audit   'object-hash': [ '3.0.0' ],
22 silly audit   'object-inspect': [ '1.13.4' ],
22 silly audit   'object-keys': [ '1.1.1' ],
22 silly audit   'object.assign': [ '4.1.7' ],
22 silly audit   'object.entries': [ '1.1.9' ],
22 silly audit   'object.fromentries': [ '2.0.8' ],
22 silly audit   'object.groupby': [ '1.0.3' ],
22 silly audit   'object.values': [ '1.2.1' ],
22 silly audit   'on-finished': [ '2.3.0', '2.4.1' ],
22 silly audit   'on-headers': [ '1.1.0' ],
22 silly audit   once: [ '1.4.0' ],
22 silly audit   onetime: [ '2.0.1' ],
22 silly audit   optionator: [ '0.9.4' ],
22 silly audit   ora: [ '3.4.0' ],
22 silly audit   'strip-ansi': [ '5.2.0', '6.0.1' ],
22 silly audit   'own-keys': [ '1.0.1' ],
22 silly audit   'p-cancelable': [ '2.1.1' ],
22 silly audit   'p-try': [ '2.2.0' ],
22 silly audit   'parent-module': [ '1.0.1' ],
22 silly audit   'parse-png': [ '2.1.0' ],
22 silly audit   parseurl: [ '1.3.3' ],
22 silly audit   'path-exists': [ '4.0.0' ],
22 silly audit   'path-is-absolute': [ '1.0.1' ],
22 silly audit   'path-key': [ '3.1.1' ],
22 silly audit   'path-parse': [ '1.0.7' ],
22 silly audit   'path-scurry': [ '2.0.1' ],
22 silly audit   picocolors: [ '1.1.1' ],
22 silly audit   pify: [ '2.3.0' ],
22 silly audit   pirates: [ '4.0.7' ],
22 silly audit   plist: [ '3.1.0' ],
22 silly audit   pngjs: [ '3.4.0' ],
22 silly audit   'possible-typed-array-names': [ '1.1.0' ],
22 silly audit   'postcss-import': [ '15.1.0' ],
22 silly audit   'postcss-js': [ '4.1.0' ],
22 silly audit   'postcss-load-config': [ '6.0.1' ],
22 silly audit   'postcss-nested': [ '6.2.0' ],
22 silly audit   'postcss-selector-parser': [ '6.1.2' ],
22 silly audit   'postcss-value-parser': [ '4.2.0' ],
22 silly audit   'prelude-ls': [ '1.2.1' ],
22 silly audit   'pretty-bytes': [ '5.6.0' ],
22 silly audit   'pretty-format': [ '29.7.0' ],
22 silly audit   'proc-log': [ '4.2.0' ],
22 silly audit   progress: [ '2.0.3' ],
22 silly audit   prompts: [ '2.4.2' ],
22 silly audit   'prop-types': [ '15.8.1' ],
22 silly audit   protobufjs: [ '7.5.4' ],
22 silly audit   pump: [ '3.0.3' ],
22 silly audit   punycode: [ '2.3.1' ],
22 silly audit   'qrcode-terminal': [ '0.11.0' ],
22 silly audit   'query-string': [ '7.1.3' ],
22 silly audit   queue: [ '6.0.2' ],
22 silly audit   'queue-microtask': [ '1.2.3' ],
22 silly audit   'quick-lru': [ '5.1.1' ],
22 silly audit   'range-parser': [ '1.2.1' ],
22 silly audit   rc: [ '1.2.8' ],
22 silly audit   'strip-json-comments': [ '2.0.1', '3.1.1' ],
22 silly audit   react: [ '19.1.0' ],
22 silly audit   'react-devtools-core': [ '6.1.5' ],
22 silly audit   'react-dom': [ '19.1.0' ],
22 silly audit   'react-fast-compare': [ '3.2.2' ],
22 silly audit   'react-freeze': [ '1.0.4' ],
22 silly audit   'react-native': [ '0.81.5' ],
22 silly audit   'react-native-css-interop': [ '0.2.1' ],
22 silly audit   'react-native-gesture-handler': [ '2.28.0' ],
22 silly audit   'react-native-get-sms-android': [ '2.1.0' ],
22 silly audit   'react-native-gifted-charts': [ '1.4.74' ],
22 silly audit   'react-native-is-edge-to-edge': [ '1.2.1' ],
22 silly audit   'react-native-reanimated': [ '4.1.6' ],
22 silly audit   'react-native-safe-area-context': [ '5.6.2' ],
22 silly audit   'react-native-screens': [ '4.16.0' ],
22 silly audit   'react-native-svg': [ '15.12.1' ],
22 silly audit   'react-native-web': [ '0.21.2' ],
22 silly audit   'react-native-worklets': [ '0.5.1' ],
22 silly audit   '@react-native/virtualized-lists': [ '0.81.5' ],
22 silly audit   'react-refresh': [ '0.14.2' ],
22 silly audit   'react-remove-scroll': [ '2.7.2' ],
22 silly audit   'react-remove-scroll-bar': [ '2.3.8' ],
22 silly audit   'react-style-singleton': [ '2.2.3' ],
22 silly audit   'read-cache': [ '1.0.0' ],
22 silly audit   readdirp: [ '3.6.0' ],
22 silly audit   'reflect.getprototypeof': [ '1.0.10' ],
22 silly audit   regenerate: [ '1.4.2' ],
22 silly audit   'regenerate-unicode-properties': [ '10.2.2' ],
22 silly audit   'regenerator-runtime': [ '0.13.11' ],
22 silly audit   'regexp.prototype.flags': [ '1.5.4' ],
22 silly audit   'regexpu-core': [ '6.4.0' ],
22 silly audit   regjsgen: [ '0.8.0' ],
22 silly audit   regjsparser: [ '0.13.0' ],
22 silly audit   'require-directory': [ '2.1.1' ],
22 silly audit   'require-from-string': [ '2.0.2' ],
22 silly audit   requireg: [ '0.2.2' ],
22 silly audit   'resolve-alpn': [ '1.2.1' ],
22 silly audit   'resolve-global': [ '1.0.0' ],
22 silly audit   'resolve-pkg-maps': [ '1.0.0' ],
22 silly audit   'resolve-workspace-root': [ '2.0.1' ],
22 silly audit   'resolve.exports': [ '2.0.3' ],
22 silly audit   responselike: [ '2.0.1' ],
22 silly audit   'restore-cursor': [ '2.0.0' ],
22 silly audit   reusify: [ '1.1.0' ],
22 silly audit   rimraf: [ '3.0.2' ],
22 silly audit   'run-parallel': [ '1.2.0' ],
22 silly audit   'safe-array-concat': [ '1.1.3' ],
22 silly audit   'safe-buffer': [ '5.2.1' ],
22 silly audit   'safe-push-apply': [ '1.0.0' ],
22 silly audit   'safe-regex-test': [ '1.1.0' ],
22 silly audit   sax: [ '1.4.4' ],
22 silly audit   scheduler: [ '0.26.0' ],
22 silly audit   send: [ '0.19.2' ],
22 silly audit   'serialize-error': [ '2.1.0' ],
22 silly audit   'serve-static': [ '1.16.3' ],
22 silly audit   'server-only': [ '0.0.1' ],
22 silly audit   'set-function-length': [ '1.2.2' ],
22 silly audit   'set-function-name': [ '2.0.2' ],
22 silly audit   'set-proto': [ '1.0.0' ],
22 silly audit   setimmediate: [ '1.0.5' ],
22 silly audit   setprototypeof: [ '1.2.0' ],
22 silly audit   'sf-symbols-typescript': [ '2.2.0' ],
22 silly audit   shallowequal: [ '1.1.0' ],
22 silly audit   'shebang-command': [ '2.0.0' ],
22 silly audit   'shebang-regex': [ '3.0.0' ],
22 silly audit   'shell-quote': [ '1.8.3' ],
22 silly audit   'side-channel': [ '1.1.0' ],
22 silly audit   'side-channel-list': [ '1.0.0' ],
22 silly audit   'side-channel-map': [ '1.0.1' ],
22 silly audit   'side-channel-weakmap': [ '1.0.2' ],
22 silly audit   'signal-exit': [ '3.0.7' ],
22 silly audit   'simple-plist': [ '1.3.1' ],
22 silly audit   'simple-swizzle': [ '0.2.4' ],
22 silly audit   sisteransi: [ '1.0.5' ],
22 silly audit   slash: [ '3.0.0' ],
22 silly audit   slugify: [ '1.6.6' ],
22 silly audit   'source-map-js': [ '1.2.1' ],
22 silly audit   'source-map-support': [ '0.5.21' ],
22 silly audit   'split-on-first': [ '1.1.0' ],
22 silly audit   'sprintf-js': [ '1.0.3' ],
22 silly audit   'stable-hash': [ '0.0.5' ],
22 silly audit   'stack-utils': [ '2.0.6' ],
22 silly audit   stackframe: [ '1.3.4' ],
22 silly audit   'stacktrace-parser': [ '0.1.11' ],
22 silly audit   'stop-iteration-iterator': [ '1.1.0' ],
22 silly audit   'stream-buffers': [ '2.2.0' ],
22 silly audit   'strict-uri-encode': [ '2.0.0' ],
22 silly audit   'string-width': [ '4.2.3' ],
22 silly audit   'string.prototype.matchall': [ '4.0.12' ],
22 silly audit   'string.prototype.repeat': [ '1.0.0' ],
22 silly audit   'string.prototype.trim': [ '1.2.10' ],
22 silly audit   'string.prototype.trimend': [ '1.0.9' ],
22 silly audit   'string.prototype.trimstart': [ '1.0.8' ],
22 silly audit   'strip-bom': [ '3.0.0' ],
22 silly audit   'structured-headers': [ '0.4.1' ],
22 silly audit   styleq: [ '0.1.3' ],
22 silly audit   sucrase: [ '3.35.1' ],
22 silly audit   'supports-hyperlinks': [ '2.3.0' ],
22 silly audit   'supports-preserve-symlinks-flag': [ '1.0.0' ],
22 silly audit   tailwindcss: [ '3.4.19' ],
22 silly audit   tar: [ '7.5.7' ],
22 silly audit   yallist: [ '5.0.0', '3.1.1' ],
22 silly audit   'temp-dir': [ '2.0.0' ],
22 silly audit   'terminal-link': [ '2.1.1' ],
22 silly audit   terser: [ '5.46.0' ],
22 silly audit   'test-exclude': [ '6.0.0' ],
22 silly audit   thenify: [ '3.3.1' ],
22 silly audit   'thenify-all': [ '1.6.0' ],
22 silly audit   throat: [ '5.0.0' ],
22 silly audit   tinyglobby: [ '0.2.15' ],
22 silly audit   fdir: [ '6.5.0' ],
22 silly audit   tmpl: [ '1.0.5' ],
22 silly audit   'to-regex-range': [ '5.0.1' ],
22 silly audit   toidentifier: [ '1.0.1' ],
22 silly audit   tr46: [ '0.0.3' ],
22 silly audit   'ts-api-utils': [ '2.4.0' ],
22 silly audit   'ts-interface-checker': [ '0.1.13' ],
22 silly audit   'tsconfig-paths': [ '3.15.0' ],
22 silly audit   tslib: [ '2.8.1' ],
22 silly audit   'type-check': [ '0.4.0' ],
22 silly audit   'type-detect': [ '4.0.8' ],
22 silly audit   'typed-array-buffer': [ '1.0.3' ],
22 silly audit   'typed-array-byte-length': [ '1.0.3' ],
22 silly audit   'typed-array-byte-offset': [ '1.0.4' ],
22 silly audit   'typed-array-length': [ '1.0.7' ],
22 silly audit   typescript: [ '5.9.3' ],
22 silly audit   'ua-parser-js': [ '1.0.41' ],
22 silly audit   'unbox-primitive': [ '1.1.0' ],
22 silly audit   undici: [ '6.23.0' ],
22 silly audit   'undici-types': [ '7.16.0' ],
22 silly audit   'unicode-canonical-property-names-ecmascript': [ '2.0.1' ],
22 silly audit   'unicode-match-property-ecmascript': [ '2.0.0' ],
22 silly audit   'unicode-match-property-value-ecmascript': [ '2.2.1' ],
22 silly audit   'unicode-property-aliases-ecmascript': [ '2.2.0' ],
22 silly audit   'unique-string': [ '2.0.0' ],
22 silly audit   unpipe: [ '1.0.0' ],
22 silly audit   'unrs-resolver': [ '1.11.1' ],
22 silly audit   'update-browserslist-db': [ '1.2.3' ],
22 silly audit   'uri-js': [ '4.4.1' ],
22 silly audit   'use-callback-ref': [ '1.3.3' ],
22 silly audit   'use-latest-callback': [ '0.2.6' ],
22 silly audit   'use-sidecar': [ '1.1.3' ],
22 silly audit   'use-sync-external-store': [ '1.6.0' ],
22 silly audit   'util-deprecate': [ '1.0.2' ],
22 silly audit   'utils-merge': [ '1.0.1' ],
22 silly audit   uuid: [ '3.4.0', '7.0.3' ],
22 silly audit   'validate-npm-package-name': [ '5.0.1' ],
22 silly audit   vary: [ '1.1.2' ],
22 silly audit   vaul: [ '1.1.2' ],
22 silly audit   '@radix-ui/react-dialog': [ '1.1.15' ],
22 silly audit   '@radix-ui/react-dismissable-layer': [ '1.1.11' ],
22 silly audit   '@radix-ui/react-focus-scope': [ '1.1.7' ],
22 silly audit   '@radix-ui/react-portal': [ '1.1.9' ],
22 silly audit   vlq: [ '1.0.1' ],
22 silly audit   walker: [ '1.0.8' ],
22 silly audit   'warn-once': [ '0.1.1' ],
22 silly audit   wcwidth: [ '1.0.1' ],
22 silly audit   'web-vitals': [ '4.2.4' ],
22 silly audit   'webidl-conversions': [ '3.0.1', '5.0.0' ],
22 silly audit   'websocket-driver': [ '0.7.4' ],
22 silly audit   'websocket-extensions': [ '0.1.4' ],
22 silly audit   'whatwg-fetch': [ '3.6.20' ],
22 silly audit   'whatwg-url': [ '5.0.0' ],
22 silly audit   'whatwg-url-without-unicode': [ '8.0.0-3' ],
22 silly audit   which: [ '2.0.2' ],
22 silly audit   'which-boxed-primitive': [ '1.1.1' ],
22 silly audit   'which-builtin-type': [ '1.2.1' ],
22 silly audit   'which-collection': [ '1.0.2' ],
22 silly audit   'which-typed-array': [ '1.1.20' ],
22 silly audit   wonka: [ '6.3.5' ],
22 silly audit   'word-wrap': [ '1.2.5' ],
22 silly audit   'wrap-ansi': [ '7.0.0' ],
22 silly audit   wrappy: [ '1.0.2' ],
22 silly audit   'write-file-atomic': [ '4.0.2' ],
22 silly audit   xcode: [ '3.0.1' ],
22 silly audit   xml2js: [ '0.6.0' ],
22 silly audit   xmlbuilder: [ '11.0.1', '15.1.1' ],
22 silly audit   y18n: [ '5.0.8' ],
22 silly audit   yargs: [ '17.7.2' ],
22 silly audit   'yargs-parser': [ '21.1.1' ],
22 silly audit   'yocto-queue': [ '0.1.0' ],
22 silly audit   '@react-native-community/datetimepicker': [ '8.4.4' ]
22 silly audit }
23 http cache @react-native-community/datetimepicker@https://registry.npmjs.org/@react-native-community/datetimepicker/-/datetimepicker-8.4.4.tgz 0ms (cache hit)
24 http cache fsevents@https://registry.npmjs.org/fsevents/-/fsevents-2.3.3.tgz 0ms (cache hit)
25 silly tarball no local data for fsevents@https://registry.npmjs.org/fsevents/-/fsevents-2.3.3.tgz. Extracting by manifest.
26 silly tarball no local data for @react-native-community/datetimepicker@https://registry.npmjs.org/@react-native-community/datetimepicker/-/datetimepicker-8.4.4.tgz. Extracting by manifest.
27 http fetch GET 200 https://registry.npmjs.org/fsevents/-/fsevents-2.3.3.tgz 47ms (cache miss)
28 http fetch GET 200 https://registry.npmjs.org/@react-native-community/datetimepicker/-/datetimepicker-8.4.4.tgz 562ms (cache miss)
29 http fetch POST 200 https://registry.npmjs.org/-/npm/v1/security/advisories/bulk 987ms
30 silly audit report {
30 silly audit report   minimatch: [
30 silly audit report     {
30 silly audit report       id: 1113371,
30 silly audit report       url: 'https://github.com/advisories/GHSA-3ppc-4f35-3m26',
30 silly audit report       title: 'minimatch has a ReDoS via repeated wildcards with non-matching literal in pattern',
30 silly audit report       severity: 'high',
30 silly audit report       vulnerable_versions: '<10.2.1',
30 silly audit report       cwe: [Array],
30 silly audit report       cvss: [Object]
30 silly audit report     }
30 silly audit report   ],
30 silly audit report   ajv: [
30 silly audit report     {
30 silly audit report       id: 1113398,
30 silly audit report       url: 'https://github.com/advisories/GHSA-2g4f-4pwh-qvx6',
30 silly audit report       title: 'ajv has ReDoS when using `$data` option',
30 silly audit report       severity: 'moderate',
30 silly audit report       vulnerable_versions: '<6.14.0',
30 silly audit report       cwe: [Array],
30 silly audit report       cvss: [Object]
30 silly audit report     },
30 silly audit report     {
30 silly audit report       id: 1113399,
30 silly audit report       url: 'https://github.com/advisories/GHSA-2g4f-4pwh-qvx6',
30 silly audit report       title: 'ajv has ReDoS when using `$data` option',
30 silly audit report       severity: 'moderate',
30 silly audit report       vulnerable_versions: '>=7.0.0-alpha.0 <8.18.0',
30 silly audit report       cwe: [Array],
30 silly audit report       cvss: [Object]
30 silly audit report     }
30 silly audit report   ],
30 silly audit report   tar: [
30 silly audit report     {
30 silly audit report       id: 1113375,
30 silly audit report       url: 'https://github.com/advisories/GHSA-83g3-92jg-28cx',
30 silly audit report       title: 'Arbitrary File Read/Write via Hardlink Target Escape Through Symlink Chain in node-tar Extraction',
30 silly audit report       severity: 'high',
30 silly audit report       vulnerable_versions: '<7.5.8',
30 silly audit report       cwe: [Array],
30 silly audit report       cvss: [Object]
30 silly audit report     }
30 silly audit report   ]
30 silly audit report }
31 silly packumentCache corgi:https://registry.npmjs.org/minimatch cache-miss
32 silly packumentCache corgi:https://registry.npmjs.org/ajv cache-miss
33 silly packumentCache corgi:https://registry.npmjs.org/tar cache-miss
34 http fetch GET 200 https://registry.npmjs.org/tar 340ms (cache miss)
35 silly packumentCache corgi:https://registry.npmjs.org/tar set size:undefined disposed:false
36 http fetch GET 200 https://registry.npmjs.org/ajv 351ms (cache miss)
37 silly packumentCache corgi:https://registry.npmjs.org/ajv set size:undefined disposed:false
38 http fetch GET 200 https://registry.npmjs.org/minimatch 947ms (cache miss)
39 silly packumentCache corgi:https://registry.npmjs.org/minimatch set size:undefined disposed:false
40 silly packumentCache corgi:https://registry.npmjs.org/@expo%2ffingerprint cache-miss
41 silly packumentCache corgi:https://registry.npmjs.org/@expo%2fmetro-config cache-miss
42 silly packumentCache corgi:https://registry.npmjs.org/@typescript-eslint%2ftypescript-estree cache-miss
43 silly packumentCache corgi:https://registry.npmjs.org/@expo%2fcli cache-miss
44 silly packumentCache corgi:https://registry.npmjs.org/glob cache-miss
45 silly packumentCache corgi:https://registry.npmjs.org/@eslint%2fconfig-array cache-miss
46 silly packumentCache corgi:https://registry.npmjs.org/@eslint%2feslintrc cache-miss
47 silly packumentCache corgi:https://registry.npmjs.org/eslint cache-miss
48 silly packumentCache corgi:https://registry.npmjs.org/eslint-plugin-import cache-miss
49 silly packumentCache corgi:https://registry.npmjs.org/eslint-plugin-react cache-miss
50 silly packumentCache corgi:https://registry.npmjs.org/test-exclude cache-miss
51 http fetch GET 200 https://registry.npmjs.org/eslint-plugin-import 92ms (cache miss)
52 silly packumentCache corgi:https://registry.npmjs.org/eslint-plugin-import set size:undefined disposed:false
53 http fetch GET 200 https://registry.npmjs.org/test-exclude 107ms (cache miss)
54 silly packumentCache corgi:https://registry.npmjs.org/test-exclude set size:undefined disposed:false
55 http fetch GET 200 https://registry.npmjs.org/@expo%2fmetro-config 318ms (cache miss)
56 silly packumentCache corgi:https://registry.npmjs.org/@expo%2fmetro-config set size:undefined disposed:false
57 http fetch GET 200 https://registry.npmjs.org/glob 427ms (cache miss)
58 silly packumentCache corgi:https://registry.npmjs.org/glob set size:undefined disposed:false
59 http fetch GET 200 https://registry.npmjs.org/eslint-plugin-react 495ms (cache miss)
60 silly packumentCache corgi:https://registry.npmjs.org/eslint-plugin-react set size:undefined disposed:false
61 http fetch GET 200 https://registry.npmjs.org/eslint 505ms (cache miss)
62 silly packumentCache corgi:https://registry.npmjs.org/eslint set size:undefined disposed:false
63 http fetch GET 200 https://registry.npmjs.org/@expo%2fcli 556ms (cache miss)
64 silly packumentCache corgi:https://registry.npmjs.org/@expo%2fcli set size:undefined disposed:false
65 http fetch GET 200 https://registry.npmjs.org/@expo%2ffingerprint 589ms (cache miss)
66 silly packumentCache corgi:https://registry.npmjs.org/@expo%2ffingerprint set size:undefined disposed:false
67 http fetch GET 200 https://registry.npmjs.org/@eslint%2feslintrc 1421ms (cache miss)
68 silly packumentCache corgi:https://registry.npmjs.org/@eslint%2feslintrc set size:undefined disposed:false
69 http fetch GET 200 https://registry.npmjs.org/@eslint%2fconfig-array 1451ms (cache miss)
70 silly packumentCache corgi:https://registry.npmjs.org/@eslint%2fconfig-array set size:undefined disposed:false
71 http fetch GET 200 https://registry.npmjs.org/@typescript-eslint%2ftypescript-estree 1595ms (cache miss)
72 silly packumentCache corgi:https://registry.npmjs.org/@typescript-eslint%2ftypescript-estree set size:undefined disposed:false
73 silly packumentCache corgi:https://registry.npmjs.org/expo-build-properties cache-miss
74 silly packumentCache corgi:https://registry.npmjs.org/expo-dev-launcher cache-miss
75 http fetch GET 200 https://registry.npmjs.org/expo-build-properties 334ms (cache miss)
76 silly packumentCache corgi:https://registry.npmjs.org/expo-build-properties set size:undefined disposed:false
77 http fetch GET 200 https://registry.npmjs.org/expo-dev-launcher 347ms (cache miss)
78 silly packumentCache corgi:https://registry.npmjs.org/expo-dev-launcher set size:undefined disposed:false
79 silly packumentCache corgi:https://registry.npmjs.org/eslint-config-expo cache-miss
80 http fetch GET 200 https://registry.npmjs.org/eslint-config-expo 48ms (cache miss)
81 silly packumentCache corgi:https://registry.npmjs.org/eslint-config-expo set size:undefined disposed:false
82 silly packumentCache corgi:https://registry.npmjs.org/babel-plugin-istanbul cache-miss
83 http fetch GET 200 https://registry.npmjs.org/babel-plugin-istanbul 39ms (cache miss)
84 silly packumentCache corgi:https://registry.npmjs.org/babel-plugin-istanbul set size:undefined disposed:false
85 silly packumentCache corgi:https://registry.npmjs.org/expo cache-miss
86 http fetch GET 200 https://registry.npmjs.org/expo 111ms (cache miss)
87 silly packumentCache corgi:https://registry.npmjs.org/expo set size:undefined disposed:false
88 silly packumentCache corgi:https://registry.npmjs.org/@react-native%2fcodegen cache-miss
89 silly packumentCache corgi:https://registry.npmjs.org/react-native cache-miss
90 silly packumentCache corgi:https://registry.npmjs.org/rimraf cache-miss
91 http fetch GET 200 https://registry.npmjs.org/react-native 185ms (cache miss)
92 silly packumentCache corgi:https://registry.npmjs.org/react-native set size:undefined disposed:false
93 http fetch GET 200 https://registry.npmjs.org/rimraf 345ms (cache miss)
94 silly packumentCache corgi:https://registry.npmjs.org/rimraf set size:undefined disposed:false
95 http fetch GET 200 https://registry.npmjs.org/@react-native%2fcodegen 361ms (cache miss)
96 silly packumentCache corgi:https://registry.npmjs.org/@react-native%2fcodegen set size:undefined disposed:false
97 silly packumentCache corgi:https://registry.npmjs.org/eslint-plugin-expo cache-miss
98 http fetch GET 200 https://registry.npmjs.org/eslint-plugin-expo 45ms (cache miss)
99 silly packumentCache corgi:https://registry.npmjs.org/eslint-plugin-expo set size:undefined disposed:false
100 silly packumentCache corgi:https://registry.npmjs.org/@typescript-eslint%2fparser cache-miss
101 silly packumentCache corgi:https://registry.npmjs.org/@typescript-eslint%2ftype-utils cache-miss
102 silly packumentCache corgi:https://registry.npmjs.org/@typescript-eslint%2futils cache-miss
103 http fetch GET 200 https://registry.npmjs.org/@typescript-eslint%2futils 921ms (cache miss)
104 silly packumentCache corgi:https://registry.npmjs.org/@typescript-eslint%2futils set size:undefined disposed:false
105 http fetch GET 200 https://registry.npmjs.org/@typescript-eslint%2fparser 15078ms (cache miss)
106 silly packumentCache corgi:https://registry.npmjs.org/@typescript-eslint%2fparser set size:undefined disposed:false
107 http fetch GET 200 https://registry.npmjs.org/@typescript-eslint%2ftype-utils 19365ms (cache miss)
108 silly packumentCache corgi:https://registry.npmjs.org/@typescript-eslint%2ftype-utils set size:undefined disposed:false
109 silly packumentCache corgi:https://registry.npmjs.org/@jest%2ftransform cache-miss
110 silly packumentCache corgi:https://registry.npmjs.org/babel-jest cache-miss
111 http fetch GET 200 https://registry.npmjs.org/babel-jest 85ms (cache miss)
112 silly packumentCache corgi:https://registry.npmjs.org/babel-jest set size:undefined disposed:false
113 http fetch GET 200 https://registry.npmjs.org/@jest%2ftransform 214ms (cache miss)
114 silly packumentCache corgi:https://registry.npmjs.org/@jest%2ftransform set size:undefined disposed:false
115 silly packumentCache corgi:https://registry.npmjs.org/chromium-edge-launcher cache-miss
116 http fetch GET 200 https://registry.npmjs.org/chromium-edge-launcher 35ms (cache miss)
117 silly packumentCache corgi:https://registry.npmjs.org/chromium-edge-launcher set size:undefined disposed:false
118 silly packumentCache corgi:https://registry.npmjs.org/@react-native%2fbabel-plugin-codegen cache-miss
119 http fetch GET 200 https://registry.npmjs.org/@react-native%2fbabel-plugin-codegen 632ms (cache miss)
120 silly packumentCache corgi:https://registry.npmjs.org/@react-native%2fbabel-plugin-codegen set size:undefined disposed:false
121 silly packumentCache corgi:https://registry.npmjs.org/@typescript-eslint%2feslint-plugin cache-miss
122 http fetch GET 200 https://registry.npmjs.org/@typescript-eslint%2feslint-plugin 7042ms (cache miss)
123 silly packumentCache corgi:https://registry.npmjs.org/@typescript-eslint%2feslint-plugin set size:undefined disposed:false
124 silly packumentCache corgi:https://registry.npmjs.org/@react-native%2fdev-middleware cache-miss
125 http fetch GET 200 https://registry.npmjs.org/@react-native%2fdev-middleware 62ms (cache miss)
126 silly packumentCache corgi:https://registry.npmjs.org/@react-native%2fdev-middleware set size:undefined disposed:false
127 silly packumentCache corgi:https://registry.npmjs.org/@react-native%2fbabel-preset cache-miss
128 http fetch GET 200 https://registry.npmjs.org/@react-native%2fbabel-preset 74ms (cache miss)
129 silly packumentCache corgi:https://registry.npmjs.org/@react-native%2fbabel-preset set size:undefined disposed:false
130 silly packumentCache corgi:https://registry.npmjs.org/@react-native%2fcommunity-cli-plugin cache-miss
131 http fetch GET 200 https://registry.npmjs.org/@react-native%2fcommunity-cli-plugin 207ms (cache miss)
132 silly packumentCache corgi:https://registry.npmjs.org/@react-native%2fcommunity-cli-plugin set size:undefined disposed:false
133 silly packumentCache corgi:https://registry.npmjs.org/babel-preset-expo cache-miss
134 http fetch GET 200 https://registry.npmjs.org/babel-preset-expo 76ms (cache miss)
135 silly packumentCache corgi:https://registry.npmjs.org/babel-preset-expo set size:undefined disposed:false
136 silly ADD node_modules/@react-native-community/datetimepicker
137 silly ADD node_modules/fsevents
138 verbose cwd /Users/Bensam/Desktop/budget-app
139 verbose os Darwin 21.6.0
140 verbose node v24.11.1
141 verbose npm  v11.6.2
142 notice
142 notice New [33mminor[39m version of npm available! [33m11.6.2[39m -> [34m11.10.1[39m
142 notice Changelog: [34mhttps://github.com/npm/cli/releases/tag/v11.10.1[39m
142 notice To update run: [4mnpm install -g npm@11.10.1[24m
142 notice  { force: true, Symbol(proc-log.meta): true }
143 verbose exit 0
144 info ok
